IT@PC02 MINGW64 ~ (master)
$ cd elassyment-mohamed
bash: cd: elassyment-mohamed: No such file or directory

IT@PC02 MINGW64 ~ (master)
$ cd desktop

IT@PC02 MINGW64 ~/desktop (master)
$ cd elassyment-mohamed

IT@PC02 MINGW64 ~/desktop/elassyment-mohamed (master)
$ git init
Initialized empty Git repository in C:/Users/IT/Desktop/elassyment-mohamed/.git/

IT@PC02 MINGW64 ~/desktop/elassyment-mohamed (master)
$ git add*
git: 'add*' is not a git command. See 'git --help'.

The most similar command is
        add

IT@PC02 MINGW64 ~/desktop/elassyment-mohamed (master)
$ git commit -m "firstt"
On branch master

Initial commit

Untracked files:
  (use "git add <file>..." to include in what will be committed)
        .vscode/
        1.jpg
        T_shirt1 - Copy.jfif
        T_shirt2 - Copy.jfif
        TestCase_Task4_Day1 - Copy.docx
        air - Copy.png
        car buy.html
        css.css
        form.html
        homee.html
        js.js
        pant2 - Copy.jpg
        review page.html

nothing added to commit but untracked files present (use "git add" to track)

IT@PC02 MINGW64 ~/desktop/elassyment-mohamed (master)
$ git remote add origin https://github.com/ama7elsawy/today.git

IT@PC02 MINGW64 ~/desktop/elassyment-mohamed (master)
$ git push origin master
